node.exe : [baseline-browser-mapping] The data in 
this module is over two months old.  To ensure 
accurate Baseline data, please update: `npm i 
baseline-browser-mapping@latest -D`
At line:1 char:1
+ & "C:\Program Files\nodejs/node.exe" 
"C:\Program Files\nodejs/node_mo ...
+ ~~~~~~~~~~~~~~~~~~~~~~~~~~~~~~~~~~~~~~~~~~~~~~~~
~~~~~~~~~~~~~~~~~~~~~
    + CategoryInfo          : NotSpecified: ([bas 
   eline-brows...ping@latest -D`:String) [], Rem  
  oteException
    + FullyQualifiedErrorId : NativeCommandError
 
   Γû▓ Next.js 16.0.10 (Turbopack)
   - Environments: .env.local

   Creating an optimized production build ...
[baseline-browser-mapping] The data in this 
module is over two months old.  To ensure 
accurate Baseline data, please update: `npm i 
baseline-browser-mapping@latest -D`
[baseline-browser-mapping] The data in this 
module is over two months old.  To ensure 
accurate Baseline data, please update: `npm i 
baseline-browser-mapping@latest -D`
 Γ£ô Compiled successfully in 2.6min
   Running TypeScript ...
   Collecting page data using 3 workers ...
[baseline-browser-mapping] The data in this 
module is over two months old.  To ensure 
accurate Baseline data, please update: `npm i 
baseline-browser-mapping@latest -D`
[baseline-browser-mapping] The data in this 
module is over two months old.  To ensure 
accurate Baseline data, please update: `npm i 
baseline-browser-mapping@latest -D`
[baseline-browser-mapping] The data in this 
module is over two months old.  To ensure 
accurate Baseline data, please update: `npm i 
baseline-browser-mapping@latest -D`
   Generating static pages using 3 workers (0/71) ...
[baseline-browser-mapping] The data in this 
module is over two months old.  To ensure 
accurate Baseline data, please update: `npm i 
baseline-browser-mapping@latest -D`
[baseline-browser-mapping] The data in this 
module is over two months old.  To ensure 
accurate Baseline data, please update: `npm i 
baseline-browser-mapping@latest -D`
[baseline-browser-mapping] The data in this 
module is over two months old.  To ensure 
accurate Baseline data, please update: `npm i 
baseline-browser-mapping@latest -D`
   Generating static pages using 3 workers (17/71) 
   Generating static pages using 3 workers (35/71) 
   Generating static pages using 3 workers (53/71) 
 Γ£ô Generating static pages using 3 workers (71/71) in 10.8s
   Finalizing page optimization ...

Route (app)
Γöî Γùï /
Γö£ Γùï /_not-found
Γö£ Γùï /about
Γö£ Γùï /admin
Γö£ ╞Æ /api/admin/analytics
Γö£ ╞Æ /api/auth/[...nextauth]
Γö£ ╞Æ /api/auth/google/callback
Γö£ ╞Æ /api/auth/google/start
Γö£ ╞Æ /api/billing/[...slug]
Γö£ ╞Æ /api/plus/analytics
Γö£ ╞Æ /api/plus/api-keys
Γö£ ╞Æ /api/plus/team
Γö£ ╞Æ /api/plus/training
Γö£ ╞Æ /api/search/[...slug]
Γö£ ╞Æ /api/sheets/[...slug]
Γö£ ╞Æ /api/user/[...slug]
Γö£ ╞Æ /api/webhooks/lemon-squeezy
Γö£ Γùï /auth/error
Γö£ Γùï /auth/signin
Γö£ Γùï /auth/signup
Γö£ Γùï /help
Γö£ Γùï /history
Γö£ Γùï /icon.png
Γö£ Γùï /new
Γö£ ╞Æ /new/[id]
Γö£ Γùï /notes
Γö£ Γùï /plus/analytics
Γö£ Γùï /plus/api-keys
Γö£ Γùï /plus/team
Γö£ Γùï /plus/training
Γö£ Γùï /pricing
Γö£ Γùï /privacy
Γö£ Γùï /profile
Γö£ Γùï /settings
Γö£ Γùï /terms
Γö£ Γùï /test-mermaid
Γö£ Γùï /tools
Γöö ΓùÅ /tools/[slug]
  Γö£ /tools/lesson-plan-generator
  Γö£ /tools/worksheet-quiz-generator
  Γö£ /tools/concept-explainer
  Γöö [+36 more paths]


Γùï  (Static)   prerendered as static content
ΓùÅ  (SSG)      prerendered as static HTML (uses generateStaticParams)
╞Æ  (Dynamic)  server-rendered on demand

